Release 14.7 - xst P.20131013 (nt64)
Copyright (c) 1995-2013 Xilinx, Inc.  All rights reserved.
--> Parameter TMPDIR set to xst/projnav.tmp


Total REAL time to Xst completion: 0.00 secs
Total CPU time to Xst completion: 0.13 secs
 
--> Parameter xsthdpdir set to xst


Total REAL time to Xst completion: 0.00 secs
Total CPU time to Xst completion: 0.13 secs
 
--> Reading design: RippleCounter.prj

TABLE OF CONTENTS
  1) Synthesis Options Summary
  2) HDL Parsing
  3) HDL Elaboration
  4) HDL Synthesis
       4.1) HDL Synthesis Report
  5) Advanced HDL Synthesis
       5.1) Advanced HDL Synthesis Report
  6) Low Level Synthesis
  7) Partition Report
  8) Design Summary
       8.1) Primitive and Black Box Usage
       8.2) Device utilization summary
       8.3) Partition Resource Summary
       8.4) Timing Report
            8.4.1) Clock Information
            8.4.2) Asynchronous Control Signals Information
            8.4.3) Timing Summary
            8.4.4) Timing Details
            8.4.5) Cross Clock Domains Report


=========================================================================
*                      Synthesis Options Summary                        *
=========================================================================
---- Source Parameters
Input File Name                    : "RippleCounter.prj"
Ignore Synthesis Constraint File   : NO

---- Target Parameters
Output File Name                   : "RippleCounter"
Output Format                      : NGC
Target Device                      : xc7a100t-3-csg324

---- Source Options
Top Module Name                    : RippleCounter
Automatic FSM Extraction           : YES
FSM Encoding Algorithm             : Auto
Safe Implementation                : No
FSM Style                          : LUT
RAM Extraction                     : Yes
RAM Style                          : Auto
ROM Extraction                     : Yes
Shift Register Extraction          : YES
ROM Style                          : Auto
Resource Sharing                   : YES
Asynchronous To Synchronous        : NO
Shift Register Minimum Size        : 2
Use DSP Block                      : Auto
Automatic Register Balancing       : No

---- Target Options
LUT Combining                      : Auto
Reduce Control Sets                : Auto
Add IO Buffers                     : YES
Global Maximum Fanout              : 100000
Add Generic Clock Buffer(BUFG)     : 32
Register Duplication               : YES
Optimize Instantiated Primitives   : NO
Use Clock Enable                   : Auto
Use Synchronous Set                : Auto
Use Synchronous Reset              : Auto
Pack IO Registers into IOBs        : Auto
Equivalent register Removal        : YES

---- General Options
Optimization Goal                  : Speed
Optimization Effort                : 1
Power Reduction                    : NO
Keep Hierarchy                     : No
Netlist Hierarchy                  : As_Optimized
RTL Output                         : Yes
Global Optimization                : AllClockNets
Read Cores                         : YES
Write Timing Constraints           : NO
Cross Clock Analysis               : NO
Hierarchy Separator                : /
Bus Delimiter                      : <>
Case Specifier                     : Maintain
Slice Utilization Ratio            : 100
BRAM Utilization Ratio             : 100
DSP48 Utilization Ratio            : 100
Auto BRAM Packing                  : NO
Slice Utilization Ratio Delta      : 5

=========================================================================


=========================================================================
*                          HDL Parsing                                  *
=========================================================================
Parsing VHDL file "E:\ISE Workspace\CA_Lab_3\TFF.vhd" into library work
Parsing entity <TFF>.
Parsing architecture <Behavioral> of entity <tff>.
Parsing VHDL file "E:\ISE Workspace\CA_Lab_3\RippleCounter.vhd" into library work
Parsing entity <RippleCounter>.
Parsing architecture <Behavioral> of entity <ripplecounter>.
WARNING:HDLCompiler:946 - "E:\ISE Workspace\CA_Lab_3\RippleCounter.vhd" Line 52: Actual for formal port clk is neither a static name nor a globally static expression
WARNING:HDLCompiler:946 - "E:\ISE Workspace\CA_Lab_3\RippleCounter.vhd" Line 53: Actual for formal port clk is neither a static name nor a globally static expression
WARNING:HDLCompiler:946 - "E:\ISE Workspace\CA_Lab_3\RippleCounter.vhd" Line 54: Actual for formal port clk is neither a static name nor a globally static expression

=========================================================================
*                            HDL Elaboration                            *
=========================================================================

Elaborating entity <RippleCounter> (architecture <Behavioral>) from library <work>.

Elaborating entity <TFF> (architecture <Behavioral>) from library <work>.

=========================================================================
*                           HDL Synthesis                               *
=========================================================================

Synthesizing Unit <RippleCounter>.
    Related source file is "E:\ISE Workspace\CA_Lab_3\RippleCounter.vhd".
INFO:Xst:2774 - HDL ADVISOR - KEEP property attached to signal tff_out_3 may hinder XST clustering optimizations.
    Summary:
	no macro.
Unit <RippleCounter> synthesized.

Synthesizing Unit <TFF>.
    Related source file is "E:\ISE Workspace\CA_Lab_3\TFF.vhd".
    Found 1-bit register for signal <Q>.
    Summary:
	inferred   1 D-type flip-flop(s).
Unit <TFF> synthesized.

=========================================================================
HDL Synthesis Report

Macro Statistics
# Registers                                            : 4
 1-bit register                                        : 4
# Xors                                                 : 4
 1-bit xor2                                            : 4

=========================================================================

=========================================================================
*                       Advanced HDL Synthesis                          *
=========================================================================


=========================================================================
Advanced HDL Synthesis Report

Macro Statistics
# Registers                                            : 4
 Flip-Flops                                            : 4
# Xors                                                 : 4
 1-bit xor2                                            : 4

=========================================================================

=========================================================================
*                         Low Level Synthesis                           *
=========================================================================

Optimizing unit <RippleCounter> ...

Mapping all equations...
Building and optimizing final netlist ...
Found area constraint ratio of 100 (+ 5) on block RippleCounter, actual ratio is 0.

Final Macro Processing ...

=========================================================================
Final Register Report

Macro Statistics
# Registers                                            : 4
 Flip-Flops                                            : 4

=========================================================================

=========================================================================
*                           Partition Report                            *
=========================================================================

Partition Implementation Status
-------------------------------

  No Partitions were found in this design.

-------------------------------

=========================================================================
*                            Design Summary                             *
=========================================================================

Top Level Output File Name         : RippleCounter.ngc

Primitive and Black Box Usage:
------------------------------
# BELS                             : 5
#      INV                         : 5
# FlipFlops/Latches                : 4
#      FDC                         : 4
# Clock Buffers                    : 1
#      BUFGP                       : 1
# IO Buffers                       : 5
#      IBUF                        : 1
#      OBUF                        : 4

Device utilization summary:
---------------------------

Selected Device : 7a100tcsg324-3 


Slice Logic Utilization: 
 Number of Slice Registers:               4  out of  126800     0%  
 Number of Slice LUTs:                    5  out of  63400     0%  
    Number used as Logic:                 5  out of  63400     0%  

Slice Logic Distribution: 
 Number of LUT Flip Flop pairs used:      9
   Number with an unused Flip Flop:       5  out of      9    55%  
   Number with an unused LUT:             4  out of      9    44%  
   Number of fully used LUT-FF pairs:     0  out of      9     0%  
   Number of unique control sets:         4

IO Utilization: 
 Number of IOs:                           6
 Number of bonded IOBs:                   6  out of    210     2%  

Specific Feature Utilization:
 Number of BUFG/BUFGCTRLs:                1  out of     32     3%  

---------------------------
Partition Resource Summary:
---------------------------

  No Partitions were found in this design.

---------------------------


=========================================================================
Timing Report

NOTE: THESE TIMING NUMBERS ARE ONLY A SYNTHESIS ESTIMATE.
      FOR ACCURATE TIMING INFORMATION PLEASE REFER TO THE TRACE REPORT
      GENERATED AFTER PLACE-and-ROUTE.

Clock Information:
------------------
-----------------------------------+------------------------+-------+
Clock Signal                       | Clock buffer(FF name)  | Load  |
-----------------------------------+------------------------+-------+
tff_2/Q                            | NONE(tff_3/Q)          | 1     |
tff_1/Q                            | NONE(tff_2/Q)          | 1     |
tff_0/Q                            | NONE(tff_1/Q)          | 1     |
clk                                | BUFGP                  | 1     |
-----------------------------------+------------------------+-------+
INFO:Xst:2169 - HDL ADVISOR - Some clock signals were not automatically buffered by XST with BUFG/BUFR resources. Please use the buffer_type constraint in order to insert these buffers to the clock signals to help prevent skew problems.

Asynchronous Control Signals Information:
----------------------------------------
No asynchronous control signals found in this design

Timing Summary:
---------------
Speed Grade: -3

   Minimum period: 1.049ns (Maximum Frequency: 953.289MHz)
   Minimum input arrival time before clock: 1.036ns
   Maximum output required time after clock: 0.645ns
   Maximum combinational path delay: No path found

Timing Details:
---------------
All values displayed in nanoseconds (ns)

=========================================================================
Timing constraint: Default period analysis for Clock 'tff_2/Q'
  Clock period: 1.045ns (frequency: 957.121MHz)
  Total number of paths / destination ports: 1 / 1
-------------------------------------------------------------------------
Delay:               1.045ns (Levels of Logic = 1)
  Source:            tff_3/Q (FF)
  Destination:       tff_3/Q (FF)
  Source Clock:      tff_2/Q falling
  Destination Clock: tff_2/Q falling

  Data Path: tff_3/Q to tff_3/Q
                                Gate     Net
    Cell:in->out      fanout   Delay   Delay  Logical Name (Net Name)
    ----------------------------------------  ------------
     FDC:C->Q              2   0.361   0.284  tff_3/Q (tff_3/Q)
     INV:I->O              1   0.113   0.279  tff_3/Mxor_Q_T_XOR_1_o_xo<0>1_INV_0 (tff_3/Q_T_XOR_1_o)
     FDC:D                     0.008          tff_3/Q
    ----------------------------------------
    Total                      1.045ns (0.482ns logic, 0.563ns route)
                                       (46.1% logic, 53.9% route)

=========================================================================
Timing constraint: Default period analysis for Clock 'tff_1/Q'
  Clock period: 1.049ns (frequency: 953.289MHz)
  Total number of paths / destination ports: 1 / 1
-------------------------------------------------------------------------
Delay:               1.049ns (Levels of Logic = 1)
  Source:            tff_2/Q (FF)
  Destination:       tff_2/Q (FF)
  Source Clock:      tff_1/Q falling
  Destination Clock: tff_1/Q falling

  Data Path: tff_2/Q to tff_2/Q
                                Gate     Net
    Cell:in->out      fanout   Delay   Delay  Logical Name (Net Name)
    ----------------------------------------  ------------
     FDC:C->Q              2   0.361   0.283  tff_2/Q (tff_2/Q)
     INV:I->O              2   0.113   0.283  tff_2/Q_T_XOR_1_o1_INV_0 (tff_2/Q_T_XOR_1_o)
     FDC:D                     0.008          tff_2/Q
    ----------------------------------------
    Total                      1.049ns (0.482ns logic, 0.567ns route)
                                       (45.9% logic, 54.1% route)

=========================================================================
Timing constraint: Default period analysis for Clock 'tff_0/Q'
  Clock period: 1.049ns (frequency: 953.289MHz)
  Total number of paths / destination ports: 1 / 1
-------------------------------------------------------------------------
Delay:               1.049ns (Levels of Logic = 1)
  Source:            tff_1/Q (FF)
  Destination:       tff_1/Q (FF)
  Source Clock:      tff_0/Q falling
  Destination Clock: tff_0/Q falling

  Data Path: tff_1/Q to tff_1/Q
                                Gate     Net
    Cell:in->out      fanout   Delay   Delay  Logical Name (Net Name)
    ----------------------------------------  ------------
     FDC:C->Q              2   0.361   0.283  tff_1/Q (tff_1/Q)
     INV:I->O              2   0.113   0.283  tff_1/Q_T_XOR_1_o1_INV_0 (tff_1/Q_T_XOR_1_o)
     FDC:D                     0.008          tff_1/Q
    ----------------------------------------
    Total                      1.049ns (0.482ns logic, 0.567ns route)
                                       (45.9% logic, 54.1% route)

=========================================================================
Timing constraint: Default period analysis for Clock 'clk'
  Clock period: 1.049ns (frequency: 953.289MHz)
  Total number of paths / destination ports: 1 / 1
-------------------------------------------------------------------------
Delay:               1.049ns (Levels of Logic = 1)
  Source:            tff_0/Q (FF)
  Destination:       tff_0/Q (FF)
  Source Clock:      clk rising
  Destination Clock: clk rising

  Data Path: tff_0/Q to tff_0/Q
                                Gate     Net
    Cell:in->out      fanout   Delay   Delay  Logical Name (Net Name)
    ----------------------------------------  ------------
     FDC:C->Q              2   0.361   0.283  tff_0/Q (tff_0/Q)
     INV:I->O              2   0.113   0.283  tff_0/Q_T_XOR_1_o1_INV_0 (tff_0/Q_T_XOR_1_o)
     FDC:D                     0.008          tff_0/Q
    ----------------------------------------
    Total                      1.049ns (0.482ns logic, 0.567ns route)
                                       (45.9% logic, 54.1% route)

=========================================================================
Timing constraint: Default OFFSET IN BEFORE for Clock 'tff_2/Q'
  Total number of paths / destination ports: 1 / 1
-------------------------------------------------------------------------
Offset:              1.036ns (Levels of Logic = 2)
  Source:            res (PAD)
  Destination:       tff_3/Q (FF)
  Destination Clock: tff_2/Q falling

  Data Path: res to tff_3/Q
                                Gate     Net
    Cell:in->out      fanout   Delay   Delay  Logical Name (Net Name)
    ----------------------------------------  ------------
     IBUF:I->O             1   0.001   0.279  res_IBUF (res_IBUF)
     INV:I->O              4   0.113   0.293  tff_0/res_inv1_INV_0 (tff_0/res_inv)
     FDC:CLR                   0.349          tff_3/Q
    ----------------------------------------
    Total                      1.036ns (0.463ns logic, 0.573ns route)
                                       (44.7% logic, 55.3% route)

=========================================================================
Timing constraint: Default OFFSET IN BEFORE for Clock 'tff_1/Q'
  Total number of paths / destination ports: 1 / 1
-------------------------------------------------------------------------
Offset:              1.036ns (Levels of Logic = 2)
  Source:            res (PAD)
  Destination:       tff_2/Q (FF)
  Destination Clock: tff_1/Q falling

  Data Path: res to tff_2/Q
                                Gate     Net
    Cell:in->out      fanout   Delay   Delay  Logical Name (Net Name)
    ----------------------------------------  ------------
     IBUF:I->O             1   0.001   0.279  res_IBUF (res_IBUF)
     INV:I->O              4   0.113   0.293  tff_0/res_inv1_INV_0 (tff_0/res_inv)
     FDC:CLR                   0.349          tff_2/Q
    ----------------------------------------
    Total                      1.036ns (0.463ns logic, 0.573ns route)
                                       (44.7% logic, 55.3% route)

=========================================================================
Timing constraint: Default OFFSET IN BEFORE for Clock 'tff_0/Q'
  Total number of paths / destination ports: 1 / 1
-------------------------------------------------------------------------
Offset:              1.036ns (Levels of Logic = 2)
  Source:            res (PAD)
  Destination:       tff_1/Q (FF)
  Destination Clock: tff_0/Q falling

  Data Path: res to tff_1/Q
                                Gate     Net
    Cell:in->out      fanout   Delay   Delay  Logical Name (Net Name)
    ----------------------------------------  ------------
     IBUF:I->O             1   0.001   0.279  res_IBUF (res_IBUF)
     INV:I->O              4   0.113   0.293  tff_0/res_inv1_INV_0 (tff_0/res_inv)
     FDC:CLR                   0.349          tff_1/Q
    ----------------------------------------
    Total                      1.036ns (0.463ns logic, 0.573ns route)
                                       (44.7% logic, 55.3% route)

=========================================================================
Timing constraint: Default OFFSET IN BEFORE for Clock 'clk'
  Total number of paths / destination ports: 1 / 1
-------------------------------------------------------------------------
Offset:              1.036ns (Levels of Logic = 2)
  Source:            res (PAD)
  Destination:       tff_0/Q (FF)
  Destination Clock: clk rising

  Data Path: res to tff_0/Q
                                Gate     Net
    Cell:in->out      fanout   Delay   Delay  Logical Name (Net Name)
    ----------------------------------------  ------------
     IBUF:I->O             1   0.001   0.279  res_IBUF (res_IBUF)
     INV:I->O              4   0.113   0.293  tff_0/res_inv1_INV_0 (tff_0/res_inv)
     FDC:CLR                   0.349          tff_0/Q
    ----------------------------------------
    Total                      1.036ns (0.463ns logic, 0.573ns route)
                                       (44.7% logic, 55.3% route)

=========================================================================
Timing constraint: Default OFFSET OUT AFTER for Clock 'tff_2/Q'
  Total number of paths / destination ports: 1 / 1
-------------------------------------------------------------------------
Offset:              0.645ns (Levels of Logic = 1)
  Source:            tff_3/Q (FF)
  Destination:       output<3> (PAD)
  Source Clock:      tff_2/Q falling

  Data Path: tff_3/Q to output<3>
                                Gate     Net
    Cell:in->out      fanout   Delay   Delay  Logical Name (Net Name)
    ----------------------------------------  ------------
     FDC:C->Q              2   0.361   0.283  tff_3/Q (tff_3/Q)
     OBUF:I->O                 0.000          output_3_OBUF (output<3>)
    ----------------------------------------
    Total                      0.645ns (0.361ns logic, 0.283ns route)
                                       (56.0% logic, 44.0% route)

=========================================================================
Timing constraint: Default OFFSET OUT AFTER for Clock 'tff_1/Q'
  Total number of paths / destination ports: 1 / 1
-------------------------------------------------------------------------
Offset:              0.645ns (Levels of Logic = 1)
  Source:            tff_2/Q (FF)
  Destination:       output<2> (PAD)
  Source Clock:      tff_1/Q falling

  Data Path: tff_2/Q to output<2>
                                Gate     Net
    Cell:in->out      fanout   Delay   Delay  Logical Name (Net Name)
    ----------------------------------------  ------------
     FDC:C->Q              2   0.361   0.283  tff_2/Q (tff_2/Q)
     OBUF:I->O                 0.000          output_2_OBUF (output<2>)
    ----------------------------------------
    Total                      0.645ns (0.361ns logic, 0.283ns route)
                                       (56.0% logic, 44.0% route)

=========================================================================
Timing constraint: Default OFFSET OUT AFTER for Clock 'tff_0/Q'
  Total number of paths / destination ports: 1 / 1
-------------------------------------------------------------------------
Offset:              0.645ns (Levels of Logic = 1)
  Source:            tff_1/Q (FF)
  Destination:       output<1> (PAD)
  Source Clock:      tff_0/Q falling

  Data Path: tff_1/Q to output<1>
                                Gate     Net
    Cell:in->out      fanout   Delay   Delay  Logical Name (Net Name)
    ----------------------------------------  ------------
     FDC:C->Q              2   0.361   0.283  tff_1/Q (tff_1/Q)
     OBUF:I->O                 0.000          output_1_OBUF (output<1>)
    ----------------------------------------
    Total                      0.645ns (0.361ns logic, 0.283ns route)
                                       (56.0% logic, 44.0% route)

=========================================================================
Timing constraint: Default OFFSET OUT AFTER for Clock 'clk'
  Total number of paths / destination ports: 1 / 1
-------------------------------------------------------------------------
Offset:              0.645ns (Levels of Logic = 1)
  Source:            tff_0/Q (FF)
  Destination:       output<0> (PAD)
  Source Clock:      clk rising

  Data Path: tff_0/Q to output<0>
                                Gate     Net
    Cell:in->out      fanout   Delay   Delay  Logical Name (Net Name)
    ----------------------------------------  ------------
     FDC:C->Q              2   0.361   0.283  tff_0/Q (tff_0/Q)
     OBUF:I->O                 0.000          output_0_OBUF (output<0>)
    ----------------------------------------
    Total                      0.645ns (0.361ns logic, 0.283ns route)
                                       (56.0% logic, 44.0% route)

=========================================================================

Cross Clock Domains Report:
--------------------------

Clock to Setup on destination clock clk
---------------+---------+---------+---------+---------+
               | Src:Rise| Src:Fall| Src:Rise| Src:Fall|
Source Clock   |Dest:Rise|Dest:Rise|Dest:Fall|Dest:Fall|
---------------+---------+---------+---------+---------+
clk            |    1.049|         |         |         |
---------------+---------+---------+---------+---------+

Clock to Setup on destination clock tff_0/Q
---------------+---------+---------+---------+---------+
               | Src:Rise| Src:Fall| Src:Rise| Src:Fall|
Source Clock   |Dest:Rise|Dest:Rise|Dest:Fall|Dest:Fall|
---------------+---------+---------+---------+---------+
tff_0/Q        |         |         |    1.049|         |
---------------+---------+---------+---------+---------+

Clock to Setup on destination clock tff_1/Q
---------------+---------+---------+---------+---------+
               | Src:Rise| Src:Fall| Src:Rise| Src:Fall|
Source Clock   |Dest:Rise|Dest:Rise|Dest:Fall|Dest:Fall|
---------------+---------+---------+---------+---------+
tff_1/Q        |         |         |    1.049|         |
---------------+---------+---------+---------+---------+

Clock to Setup on destination clock tff_2/Q
---------------+---------+---------+---------+---------+
               | Src:Rise| Src:Fall| Src:Rise| Src:Fall|
Source Clock   |Dest:Rise|Dest:Rise|Dest:Fall|Dest:Fall|
---------------+---------+---------+---------+---------+
tff_2/Q        |         |         |    1.045|         |
---------------+---------+---------+---------+---------+

=========================================================================


Total REAL time to Xst completion: 8.00 secs
Total CPU time to Xst completion: 7.66 secs
 
--> 

Total memory usage is 4616868 kilobytes

Number of errors   :    0 (   0 filtered)
Number of warnings :    3 (   0 filtered)
Number of infos    :    2 (   0 filtered)

